\mnsz.m(ns)z
1: (eta) --> \mns.m(ns)    (normal form)
