(\fx.x(ffx))(\fx.x(ffx)) : Untyped
1: (beta) --> \x.x((\fx.x(ffx))(\fx.x(ffx))x)
2: (beta) --> \x.x((\x.x((\fx.x(ffx))(\fx.x(ffx))x))x)
3: (beta) --> \x.x(x((\fx.x(ffx))(\fx.x(ffx))x))
4: (beta) --> \x.x(x((\x.x((\fx.x(ffx))(\fx.x(ffx))x))x))
5: (beta) --> \x.x(x(x((\fx.x(ffx))(\fx.x(ffx))x)))
6: (beta) --> \x.x(x(x((\x.x((\fx.x(ffx))(\fx.x(ffx))x))x)))
7: (beta) --> \x.x(x(x(x((\fx.x(ffx))(\fx.x(ffx))x))))
8: (beta) --> \x.x(x(x(x((\x.x((\fx.x(ffx))(\fx.x(ffx))x))x))))
9: (beta) --> \x.x(x(x(x(x((\fx.x(ffx))(\fx.x(ffx))x)))))
10: (beta) --> \x.x(x(x(x(x((\x.x((\fx.x(ffx))(\fx.x(ffx))x))x)))))
11: (beta) --> \x.x(x(x(x(x(x((\fx.x(ffx))(\fx.x(ffx))x))))))
12: (beta) --> \x.x(x(x(x(x(x((\x.x((\fx.x(ffx))(\fx.x(ffx))x))x))))))
13: (beta) --> \x.x(x(x(x(x(x(x((\fx.x(ffx))(\fx.x(ffx))x)))))))
14: (beta) --> \x.x(x(x(x(x(x(x((\x.x((\fx.x(ffx))(\fx.x(ffx))x))x)))))))
15: (beta) --> \x.x(x(x(x(x(x(x(x((\fx.x(ffx))(\fx.x(ffx))x))))))))
16: (beta) --> \x.x(x(x(x(x(x(x(x((\x.x((\fx.x(ffx))(\fx.x(ffx))x))x))))))))
17: (beta) --> \x.x(x(x(x(x(x(x(x(x((\fx.x(ffx))(\fx.x(ffx))x)))))))))
18: (beta) --> \x.x(x(x(x(x(x(x(x(x((\x.x((\fx.x(ffx))(\fx.x(ffx))x))x)))))))))
19: (beta) --> \x.x(x(x(x(x(x(x(x(x(x((\fx.x(ffx))(\fx.x(ffx))x))))))))))
20: (beta) --> \x.x(x(x(x(x(x(x(x(x(x((\x.x((\fx.x(ffx))(\fx.x(ffx))x))x))))))))))
21: (beta) --> \x.x(x(x(x(x(x(x(x(x(x(x((\fx.x(ffx))(\fx.x(ffx))x)))))))))))
22: (beta) --> \x.x(x(x(x(x(x(x(x(x(x(x((\x.x((\fx.x(ffx))(\fx.x(ffx))x))x)))))))))))
23: (beta) --> \x.x(x(x(x(x(x(x(x(x(x(x(x((\fx.x(ffx))(\fx.x(ffx))x))))))))))))
24: (beta) --> \x.x(x(x(x(x(x(x(x(x(x(x(x((\x.x((\fx.x(ffx))(\fx.x(ffx))x))x))))))))))))
25: (beta) --> \x.x(x(x(x(x(x(x(x(x(x(x(x(x((\fx.x(ffx))(\fx.x(ffx))x)))))))))))))
26: (beta) --> \x.x(x(x(x(x(x(x(x(x(x(x(x(x((\x.x((\fx.x(ffx))(\fx.x(ffx))x))x)))))))))))))
27: (beta) --> \x.x(x(x(x(x(x(x(x(x(x(x(x(x(x((\fx.x(ffx))(\fx.x(ffx))x))))))))))))))
28: (beta) --> \x.x(x(x(x(x(x(x(x(x(x(x(x(x(x((\x.x((\fx.x(ffx))(\fx.x(ffx))x))x))))))))))))))
29: (beta) --> \x.x(x(x(x(x(x(x(x(x(x(x(x(x(x(x((\fx.x(ffx))(\fx.x(ffx))x)))))))))))))))
30: (beta) --> \x.x(x(x(x(x(x(x(x(x(x(x(x(x(x(x((\x.x((\fx.x(ffx))(\fx.x(ffx))x))x)))))))))))))))
31: (beta) --> \x.x(x(x(x(x(x(x(x(x(x(x(x(x(x(x(x((\fx.x(ffx))(\fx.x(ffx))x))))))))))))))))
32: (beta) --> \x.x(x(x(x(x(x(x(x(x(x(x(x(x(x(x(x((\x.x((\fx.x(ffx))(\fx.x(ffx))x))x))))))))))))))))
33: (beta) --> \x.x(x(x(x(x(x(x(x(x(x(x(x(x(x(x(x(x((\fx.x(ffx))(\fx.x(ffx))x)))))))))))))))))
34: (beta) --> \x.x(x(x(x(x(x(x(x(x(x(x(x(x(x(x(x(x((\x.x((\fx.x(ffx))(\fx.x(ffx))x))x)))))))))))))))))
35: (beta) --> \x.x(x(x(x(x(x(x(x(x(x(x(x(x(x(x(x(x(x((\fx.x(ffx))(\fx.x(ffx))x))))))))))))))))))
36: (beta) --> \x.x(x(x(x(x(x(x(x(x(x(x(x(x(x(x(x(x(x((\x.x((\fx.x(ffx))(\fx.x(ffx))x))x))))))))))))))))))
37: (beta) --> \x.x(x(x(x(x(x(x(x(x(x(x(x(x(x(x(x(x(x(x((\fx.x(ffx))(\fx.x(ffx))x)))))))))))))))))))
38: (beta) --> \x.x(x(x(x(x(x(x(x(x(x(x(x(x(x(x(x(x(x(x((\x.x((\fx.x(ffx))(\fx.x(ffx))x))x)))))))))))))))))))
39: (beta) --> \x.x(x(x(x(x(x(x(x(x(x(x(x(x(x(x(x(x(x(x(x((\fx.x(ffx))(\fx.x(ffx))x))))))))))))))))))))
40: (beta) --> \x.x(x(x(x(x(x(x(x(x(x(x(x(x(x(x(x(x(x(x(x((\x.x((\fx.x(ffx))(\fx.x(ffx))x))x))))))))))))))))))))
41: (beta) --> \x.x(x(x(x(x(x(x(x(x(x(x(x(x(x(x(x(x(x(x(x(x((\fx.x(ffx))(\fx.x(ffx))x)))))))))))))))))))))
42: (beta) --> \x.x(x(x(x(x(x(x(x(x(x(x(x(x(x(x(x(x(x(x(x(x((\x.x((\fx.x(ffx))(\fx.x(ffx))x))x)))))))))))))))))))))
43: (beta) --> \x.x(x(x(x(x(x(x(x(x(x(x(x(x(x(x(x(x(x(x(x(x(x((\fx.x(ffx))(\fx.x(ffx))x))))))))))))))))))))))
44: (beta) --> \x.x(x(x(x(x(x(x(x(x(x(x(x(x(x(x(x(x(x(x(x(x(x((\x.x((\fx.x(ffx))(\fx.x(ffx))x))x))))))))))))))))))))))
45: (beta) --> \x.x(x(x(x(x(x(x(x(x(x(x(x(x(x(x(x(x(x(x(x(x(x(x((\fx.x(ffx))(\fx.x(ffx))x)))))))))))))))))))))))
46: (beta) --> \x.x(x(x(x(x(x(x(x(x(x(x(x(x(x(x(x(x(x(x(x(x(x(x((\x.x((\fx.x(ffx))(\fx.x(ffx))x))x)))))))))))))))))))))))
47: (beta) --> \x.x(x(x(x(x(x(x(x(x(x(x(x(x(x(x(x(x(x(x(x(x(x(x(x((\fx.x(ffx))(\fx.x(ffx))x))))))))))))))))))))))))
48: (beta) --> \x.x(x(x(x(x(x(x(x(x(x(x(x(x(x(x(x(x(x(x(x(x(x(x(x((\x.x((\fx.x(ffx))(\fx.x(ffx))x))x))))))))))))))))))))))))
49: (beta) --> \x.x(x(x(x(x(x(x(x(x(x(x(x(x(x(x(x(x(x(x(x(x(x(x(x(x((\fx.x(ffx))(\fx.x(ffx))x)))))))))))))))))))))))))
50: (beta) --> \x.x(x(x(x(x(x(x(x(x(x(x(x(x(x(x(x(x(x(x(x(x(x(x(x(x((\x.x((\fx.x(ffx))(\fx.x(ffx))x))x)))))))))))))))))))))))))
51: (beta) --> \x.x(x(x(x(x(x(x(x(x(x(x(x(x(x(x(x(x(x(x(x(x(x(x(x(x(x((\fx.x(ffx))(\fx.x(ffx))x))))))))))))))))))))))))))
52: (beta) --> \x.x(x(x(x(x(x(x(x(x(x(x(x(x(x(x(x(x(x(x(x(x(x(x(x(x(x((\x.x((\fx.x(ffx))(\fx.x(ffx))x))x))))))))))))))))))))))))))
53: (beta) --> \x.x(x(x(x(x(x(x(x(x(x(x(x(x(x(x(x(x(x(x(x(x(x(x(x(x(x(x((\fx.x(ffx))(\fx.x(ffx))x)))))))))))))))))))))))))))
54: (beta) --> \x.x(x(x(x(x(x(x(x(x(x(x(x(x(x(x(x(x(x(x(x(x(x(x(x(x(x(x((\x.x((\fx.x(ffx))(\fx.x(ffx))x))x)))))))))))))))))))))))))))
55: (beta) --> \x.x(x(x(x(x(x(x(x(x(x(x(x(x(x(x(x(x(x(x(x(x(x(x(x(x(x(x(x((\fx.x(ffx))(\fx.x(ffx))x))))))))))))))))))))))))))))
56: (beta) --> \x.x(x(x(x(x(x(x(x(x(x(x(x(x(x(x(x(x(x(x(x(x(x(x(x(x(x(x(x((\x.x((\fx.x(ffx))(\fx.x(ffx))x))x))))))))))))))))))))))))))))
57: (beta) --> \x.x(x(x(x(x(x(x(x(x(x(x(x(x(x(x(x(x(x(x(x(x(x(x(x(x(x(x(x(x((\fx.x(ffx))(\fx.x(ffx))x)))))))))))))))))))))))))))))
58: (beta) --> \x.x(x(x(x(x(x(x(x(x(x(x(x(x(x(x(x(x(x(x(x(x(x(x(x(x(x(x(x(x((\x.x((\fx.x(ffx))(\fx.x(ffx))x))x)))))))))))))))))))))))))))))
59: (beta) --> \x.x(x(x(x(x(x(x(x(x(x(x(x(x(x(x(x(x(x(x(x(x(x(x(x(x(x(x(x(x(x((\fx.x(ffx))(\fx.x(ffx))x))))))))))))))))))))))))))))))
60: (beta) --> \x.x(x(x(x(x(x(x(x(x(x(x(x(x(x(x(x(x(x(x(x(x(x(x(x(x(x(x(x(x(x((\x.x((\fx.x(ffx))(\fx.x(ffx))x))x))))))))))))))))))))))))))))))
61: (beta) --> \x.x(x(x(x(x(x(x(x(x(x(x(x(x(x(x(x(x(x(x(x(x(x(x(x(x(x(x(x(x(x(x((\fx.x(ffx))(\fx.x(ffx))x)))))))))))))))))))))))))))))))
62: (beta) --> \x.x(x(x(x(x(x(x(x(x(x(x(x(x(x(x(x(x(x(x(x(x(x(x(x(x(x(x(x(x(x(x((\x.x((\fx.x(ffx))(\fx.x(ffx))x))x)))))))))))))))))))))))))))))))
63: (beta) --> \x.x(x(x(x(x(x(x(x(x(x(x(x(x(x(x(x(x(x(x(x(x(x(x(x(x(x(x(x(x(x(x(x((\fx.x(ffx))(\fx.x(ffx))x))))))))))))))))))))))))))))))))
64: (beta) --> \x.x(x(x(x(x(x(x(x(x(x(x(x(x(x(x(x(x(x(x(x(x(x(x(x(x(x(x(x(x(x(x(x((\x.x((\fx.x(ffx))(\fx.x(ffx))x))x))))))))))))))))))))))))))))))))
65: (beta) --> \x.x(x(x(x(x(x(x(x(x(x(x(x(x(x(x(x(x(x(x(x(x(x(x(x(x(x(x(x(x(x(x(x(x((\fx.x(ffx))(\fx.x(ffx))x)))))))))))))))))))))))))))))))))
66: (beta) --> \x.x(x(x(x(x(x(x(x(x(x(x(x(x(x(x(x(x(x(x(x(x(x(x(x(x(x(x(x(x(x(x(x(x((\x.x((\fx.x(ffx))(\fx.x(ffx))x))x)))))))))))))))))))))))))))))))))
67: (beta) --> \x.x(x(x(x(x(x(x(x(x(x(x(x(x(x(x(x(x(x(x(x(x(x(x(x(x(x(x(x(x(x(x(x(x(x((\fx.x(ffx))(\fx.x(ffx))x))))))))))))))))))))))))))))))))))
68: (beta) --> \x.x(x(x(x(x(x(x(x(x(x(x(x(x(x(x(x(x(x(x(x(x(x(x(x(x(x(x(x(x(x(x(x(x(x((\x.x((\fx.x(ffx))(\fx.x(ffx))x))x))))))))))))))))))))))))))))))))))
69: (beta) --> \x.x(x(x(x(x(x(x(x(x(x(x(x(x(x(x(x(x(x(x(x(x(x(x(x(x(x(x(x(x(x(x(x(x(x(x((\fx.x(ffx))(\fx.x(ffx))x)))))))))))))))))))))))))))))))))))
70: (beta) --> \x.x(x(x(x(x(x(x(x(x(x(x(x(x(x(x(x(x(x(x(x(x(x(x(x(x(x(x(x(x(x(x(x(x(x(x((\x.x((\fx.x(ffx))(\fx.x(ffx))x))x)))))))))))))))))))))))))))))))))))
71: (beta) --> \x.x(x(x(x(x(x(x(x(x(x(x(x(x(x(x(x(x(x(x(x(x(x(x(x(x(x(x(x(x(x(x(x(x(x(x(x((\fx.x(ffx))(\fx.x(ffx))x))))))))))))))))))))))))))))))))))))
72: (beta) --> \x.x(x(x(x(x(x(x(x(x(x(x(x(x(x(x(x(x(x(x(x(x(x(x(x(x(x(x(x(x(x(x(x(x(x(x(x((\x.x((\fx.x(ffx))(\fx.x(ffx))x))x))))))))))))))))))))))))))))))))))))
73: (beta) --> \x.x(x(x(x(x(x(x(x(x(x(x(x(x(x(x(x(x(x(x(x(x(x(x(x(x(x(x(x(x(x(x(x(x(x(x(x(x((\fx.x(ffx))(\fx.x(ffx))x)))))))))))))))))))))))))))))))))))))
74: (beta) --> \x.x(x(x(x(x(x(x(x(x(x(x(x(x(x(x(x(x(x(x(x(x(x(x(x(x(x(x(x(x(x(x(x(x(x(x(x(x((\x.x((\fx.x(ffx))(\fx.x(ffx))x))x)))))))))))))))))))))))))))))))))))))
75: (beta) --> \x.x(x(x(x(x(x(x(x(x(x(x(x(x(x(x(x(x(x(x(x(x(x(x(x(x(x(x(x(x(x(x(x(x(x(x(x(x(x((\fx.x(ffx))(\fx.x(ffx))x))))))))))))))))))))))))))))))))))))))
76: (beta) --> \x.x(x(x(x(x(x(x(x(x(x(x(x(x(x(x(x(x(x(x(x(x(x(x(x(x(x(x(x(x(x(x(x(x(x(x(x(x(x((\x.x((\fx.x(ffx))(\fx.x(ffx))x))x))))))))))))))))))))))))))))))))))))))
77: (beta) --> \x.x(x(x(x(x(x(x(x(x(x(x(x(x(x(x(x(x(x(x(x(x(x(x(x(x(x(x(x(x(x(x(x(x(x(x(x(x(x(x((\fx.x(ffx))(\fx.x(ffx))x)))))))))))))))))))))))))))))))))))))))
78: (beta) --> \x.x(x(x(x(x(x(x(x(x(x(x(x(x(x(x(x(x(x(x(x(x(x(x(x(x(x(x(x(x(x(x(x(x(x(x(x(x(x(x((\x.x((\fx.x(ffx))(\fx.x(ffx))x))x)))))))))))))))))))))))))))))))))))))))
79: (beta) --> \x.x(x(x(x(x(x(x(x(x(x(x(x(x(x(x(x(x(x(x(x(x(x(x(x(x(x(x(x(x(x(x(x(x(x(x(x(x(x(x(x((\fx.x(ffx))(\fx.x(ffx))x))))))))))))))))))))))))))))))))))))))))
80: (beta) --> \x.x(x(x(x(x(x(x(x(x(x(x(x(x(x(x(x(x(x(x(x(x(x(x(x(x(x(x(x(x(x(x(x(x(x(x(x(x(x(x(x((\x.x((\fx.x(ffx))(\fx.x(ffx))x))x))))))))))))))))))))))))))))))))))))))))
81: (beta) --> \x.x(x(x(x(x(x(x(x(x(x(x(x(x(x(x(x(x(x(x(x(x(x(x(x(x(x(x(x(x(x(x(x(x(x(x(x(x(x(x(x(x((\fx.x(ffx))(\fx.x(ffx))x)))))))))))))))))))))))))))))))))))))))))
82: (beta) --> \x.x(x(x(x(x(x(x(x(x(x(x(x(x(x(x(x(x(x(x(x(x(x(x(x(x(x(x(x(x(x(x(x(x(x(x(x(x(x(x(x(x((\x.x((\fx.x(ffx))(\fx.x(ffx))x))x)))))))))))))))))))))))))))))))))))))))))
83: (beta) --> \x.x(x(x(x(x(x(x(x(x(x(x(x(x(x(x(x(x(x(x(x(x(x(x(x(x(x(x(x(x(x(x(x(x(x(x(x(x(x(x(x(x(x((\fx.x(ffx))(\fx.x(ffx))x))))))))))))))))))))))))))))))))))))))))))
84: (beta) --> \x.x(x(x(x(x(x(x(x(x(x(x(x(x(x(x(x(x(x(x(x(x(x(x(x(x(x(x(x(x(x(x(x(x(x(x(x(x(x(x(x(x(x((\x.x((\fx.x(ffx))(\fx.x(ffx))x))x))))))))))))))))))))))))))))))))))))))))))
85: (beta) --> \x.x(x(x(x(x(x(x(x(x(x(x(x(x(x(x(x(x(x(x(x(x(x(x(x(x(x(x(x(x(x(x(x(x(x(x(x(x(x(x(x(x(x(x((\fx.x(ffx))(\fx.x(ffx))x)))))))))))))))))))))))))))))))))))))))))))
86: (beta) --> \x.x(x(x(x(x(x(x(x(x(x(x(x(x(x(x(x(x(x(x(x(x(x(x(x(x(x(x(x(x(x(x(x(x(x(x(x(x(x(x(x(x(x(x((\x.x((\fx.x(ffx))(\fx.x(ffx))x))x)))))))))))))))))))))))))))))))))))))))))))
87: (beta) --> \x.x(x(x(x(x(x(x(x(x(x(x(x(x(x(x(x(x(x(x(x(x(x(x(x(x(x(x(x(x(x(x(x(x(x(x(x(x(x(x(x(x(x(x(x((\fx.x(ffx))(\fx.x(ffx))x))))))))))))))))))))))))))))))))))))))))))))
88: (beta) --> \x.x(x(x(x(x(x(x(x(x(x(x(x(x(x(x(x(x(x(x(x(x(x(x(x(x(x(x(x(x(x(x(x(x(x(x(x(x(x(x(x(x(x(x(x((\x.x((\fx.x(ffx))(\fx.x(ffx))x))x))))))))))))))))))))))))))))))))))))))))))))
89: (beta) --> \x.x(x(x(x(x(x(x(x(x(x(x(x(x(x(x(x(x(x(x(x(x(x(x(x(x(x(x(x(x(x(x(x(x(x(x(x(x(x(x(x(x(x(x(x(x((\fx.x(ffx))(\fx.x(ffx))x)))))))))))))))))))))))))))))))))))))))))))))
90: (beta) --> \x.x(x(x(x(x(x(x(x(x(x(x(x(x(x(x(x(x(x(x(x(x(x(x(x(x(x(x(x(x(x(x(x(x(x(x(x(x(x(x(x(x(x(x(x(x((\x.x((\fx.x(ffx))(\fx.x(ffx))x))x)))))))))))))))))))))))))))))))))))))))))))))
91: (beta) --> \x.x(x(x(x(x(x(x(x(x(x(x(x(x(x(x(x(x(x(x(x(x(x(x(x(x(x(x(x(x(x(x(x(x(x(x(x(x(x(x(x(x(x(x(x(x(x((\fx.x(ffx))(\fx.x(ffx))x))))))))))))))))))))))))))))))))))))))))))))))
92: (beta) --> \x.x(x(x(x(x(x(x(x(x(x(x(x(x(x(x(x(x(x(x(x(x(x(x(x(x(x(x(x(x(x(x(x(x(x(x(x(x(x(x(x(x(x(x(x(x(x((\x.x((\fx.x(ffx))(\fx.x(ffx))x))x))))))))))))))))))))))))))))))))))))))))))))))
93: (beta) --> \x.x(x(x(x(x(x(x(x(x(x(x(x(x(x(x(x(x(x(x(x(x(x(x(x(x(x(x(x(x(x(x(x(x(x(x(x(x(x(x(x(x(x(x(x(x(x(x((\fx.x(ffx))(\fx.x(ffx))x)))))))))))))))))))))))))))))))))))))))))))))))
94: (beta) --> \x.x(x(x(x(x(x(x(x(x(x(x(x(x(x(x(x(x(x(x(x(x(x(x(x(x(x(x(x(x(x(x(x(x(x(x(x(x(x(x(x(x(x(x(x(x(x(x((\x.x((\fx.x(ffx))(\fx.x(ffx))x))x)))))))))))))))))))))))))))))))))))))))))))))))
95: (beta) --> \x.x(x(x(x(x(x(x(x(x(x(x(x(x(x(x(x(x(x(x(x(x(x(x(x(x(x(x(x(x(x(x(x(x(x(x(x(x(x(x(x(x(x(x(x(x(x(x(x((\fx.x(ffx))(\fx.x(ffx))x))))))))))))))))))))))))))))))))))))))))))))))))
96: (beta) --> \x.x(x(x(x(x(x(x(x(x(x(x(x(x(x(x(x(x(x(x(x(x(x(x(x(x(x(x(x(x(x(x(x(x(x(x(x(x(x(x(x(x(x(x(x(x(x(x(x((\x.x((\fx.x(ffx))(\fx.x(ffx))x))x))))))))))))))))))))))))))))))))))))))))))))))))
97: (beta) --> \x.x(x(x(x(x(x(x(x(x(x(x(x(x(x(x(x(x(x(x(x(x(x(x(x(x(x(x(x(x(x(x(x(x(x(x(x(x(x(x(x(x(x(x(x(x(x(x(x(x((\fx.x(ffx))(\fx.x(ffx))x)))))))))))))))))))))))))))))))))))))))))))))))))
98: (beta) --> \x.x(x(x(x(x(x(x(x(x(x(x(x(x(x(x(x(x(x(x(x(x(x(x(x(x(x(x(x(x(x(x(x(x(x(x(x(x(x(x(x(x(x(x(x(x(x(x(x(x((\x.x((\fx.x(ffx))(\fx.x(ffx))x))x)))))))))))))))))))))))))))))))))))))))))))))))))
99: (beta) --> \x.x(x(x(x(x(x(x(x(x(x(x(x(x(x(x(x(x(x(x(x(x(x(x(x(x(x(x(x(x(x(x(x(x(x(x(x(x(x(x(x(x(x(x(x(x(x(x(x(x(x((\fx.x(ffx))(\fx.x(ffx))x))))))))))))))))))))))))))))))))))))))))))))))))))
100: (beta) --> \x.x(x(x(x(x(x(x(x(x(x(x(x(x(x(x(x(x(x(x(x(x(x(x(x(x(x(x(x(x(x(x(x(x(x(x(x(x(x(x(x(x(x(x(x(x(x(x(x(x(x((\x.x((\fx.x(ffx))(\fx.x(ffx))x))x))))))))))))))))))))))))))))))))))))))))))))))))))
