<S><K><K> : Untyped
-: (macro) = (\fgx.fx(gx))<K><K>
1: (beta) --> (\gx.<K>x(gx))<K>
2: (beta) --> \x.<K>x(<K>x)
-: (macro) = \x.(\xy.x)x(<K>x)
3: (beta) --> \x.(\y.x)(<K>x)
4: (beta) --> \x.x    (normal form)
