(\x.x(\x.xy))y
1: (beta) --> y(\x.xy)    (normal form)
