(\x.(\x.x)(yx))z
1: (beta) --> (\x.x)(yz)
2: (beta) --> yz    (normal form)
