(\fx.f(f(fx)))(\fx.f(f(fx)))
1: (beta) --> \x.(\fx.f(f(fx)))((\fx.f(f(fx)))((\fx.f(f(fx)))x))
2: (beta) --> \xa.(\fx.f(f(fx)))((\fx.f(f(fx)))x)((\fx.f(f(fx)))((\fx.f(f(fx)))x)((\fx.f(f(fx)))((\fx.f(f(fx)))x)a))
3: (beta) --> \xa.(\a.(\fx.f(f(fx)))x((\fx.f(f(fx)))x((\fx.f(f(fx)))xa)))((\fx.f(f(fx)))((\fx.f(f(fx)))x)((\fx.f(f(fx)))((\fx.f(f(fx)))x)a))
4: (beta) --> \xa.(\fb.f(f(fb)))x((\fb.f(f(fb)))x((\fb.f(f(fb)))x((\fx.f(f(fx)))((\fx.f(f(fx)))x)((\fx.f(f(fx)))((\fx.f(f(fx)))x)a))))
5: (beta) --> \xa.(\b.x(x(xb)))((\fb.f(f(fb)))x((\fb.f(f(fb)))x((\fx.f(f(fx)))((\fx.f(f(fx)))x)((\fx.f(f(fx)))((\fx.f(f(fx)))x)a))))
6: (beta) --> \xa.x(x(x((\fb.f(f(fb)))x((\fb.f(f(fb)))x((\fx.f(f(fx)))((\fx.f(f(fx)))x)((\fx.f(f(fx)))((\fx.f(f(fx)))x)a))))))
7: (beta) --> \xa.x(x(x((\b.x(x(xb)))((\fb.f(f(fb)))x((\fx.f(f(fx)))((\fx.f(f(fx)))x)((\fx.f(f(fx)))((\fx.f(f(fx)))x)a))))))
8: (beta) --> \xa.x(x(x(x(x(x((\fb.f(f(fb)))x((\fx.f(f(fx)))((\fx.f(f(fx)))x)((\fx.f(f(fx)))((\fx.f(f(fx)))x)a))))))))
9: (beta) --> \xa.x(x(x(x(x(x((\b.x(x(xb)))((\fx.f(f(fx)))((\fx.f(f(fx)))x)((\fx.f(f(fx)))((\fx.f(f(fx)))x)a))))))))
10: (beta) --> \xa.x(x(x(x(x(x(x(x(x((\fx.f(f(fx)))((\fx.f(f(fx)))x)((\fx.f(f(fx)))((\fx.f(f(fx)))x)a))))))))))
11: (beta) --> \xa.x(x(x(x(x(x(x(x(x((\a.(\fx.f(f(fx)))x((\fx.f(f(fx)))x((\fx.f(f(fx)))xa)))((\fx.f(f(fx)))((\fx.f(f(fx)))x)a))))))))))
12: (beta) --> \xa.x(x(x(x(x(x(x(x(x((\fb.f(f(fb)))x((\fb.f(f(fb)))x((\fb.f(f(fb)))x((\fx.f(f(fx)))((\fx.f(f(fx)))x)a))))))))))))
13: (beta) --> \xa.x(x(x(x(x(x(x(x(x((\b.x(x(xb)))((\fb.f(f(fb)))x((\fb.f(f(fb)))x((\fx.f(f(fx)))((\fx.f(f(fx)))x)a))))))))))))
14: (beta) --> \xa.x(x(x(x(x(x(x(x(x(x(x(x((\fb.f(f(fb)))x((\fb.f(f(fb)))x((\fx.f(f(fx)))((\fx.f(f(fx)))x)a))))))))))))))
15: (beta) --> \xa.x(x(x(x(x(x(x(x(x(x(x(x((\b.x(x(xb)))((\fb.f(f(fb)))x((\fx.f(f(fx)))((\fx.f(f(fx)))x)a))))))))))))))
16: (beta) --> \xa.x(x(x(x(x(x(x(x(x(x(x(x(x(x(x((\fb.f(f(fb)))x((\fx.f(f(fx)))((\fx.f(f(fx)))x)a))))))))))))))))
17: (beta) --> \xa.x(x(x(x(x(x(x(x(x(x(x(x(x(x(x((\b.x(x(xb)))((\fx.f(f(fx)))((\fx.f(f(fx)))x)a))))))))))))))))
18: (beta) --> \xa.x(x(x(x(x(x(x(x(x(x(x(x(x(x(x(x(x(x((\fx.f(f(fx)))((\fx.f(f(fx)))x)a))))))))))))))))))
19: (beta) --> \xa.x(x(x(x(x(x(x(x(x(x(x(x(x(x(x(x(x(x((\a.(\fx.f(f(fx)))x((\fx.f(f(fx)))x((\fx.f(f(fx)))xa)))a))))))))))))))))))
20: (beta) --> \xa.x(x(x(x(x(x(x(x(x(x(x(x(x(x(x(x(x(x((\fx.f(f(fx)))x((\fx.f(f(fx)))x((\fx.f(f(fx)))xa))))))))))))))))))))
21: (beta) --> \xa.x(x(x(x(x(x(x(x(x(x(x(x(x(x(x(x(x(x((\a.x(x(xa)))((\fx.f(f(fx)))x((\fx.f(f(fx)))xa))))))))))))))))))))
22: (beta) --> \xa.x(x(x(x(x(x(x(x(x(x(x(x(x(x(x(x(x(x(x(x(x((\fx.f(f(fx)))x((\fx.f(f(fx)))xa))))))))))))))))))))))
23: (beta) --> \xa.x(x(x(x(x(x(x(x(x(x(x(x(x(x(x(x(x(x(x(x(x((\a.x(x(xa)))((\fx.f(f(fx)))xa))))))))))))))))))))))
24: (beta) --> \xa.x(x(x(x(x(x(x(x(x(x(x(x(x(x(x(x(x(x(x(x(x(x(x(x((\fx.f(f(fx)))xa))))))))))))))))))))))))
25: (beta) --> \xa.x(x(x(x(x(x(x(x(x(x(x(x(x(x(x(x(x(x(x(x(x(x(x(x((\a.x(x(xa)))a))))))))))))))))))))))))
26: (beta) --> \xa.x(x(x(x(x(x(x(x(x(x(x(x(x(x(x(x(x(x(x(x(x(x(x(x(x(x(xa))))))))))))))))))))))))))    (normal form)
  = 27 (as nat)
