(\xy.xy)y : Untyped
1: (beta) --> \a.ya    (normal form)
