(\x.y)((\x.xx)(\x.xx)) : Untyped
1: (beta) --> y    (normal form)
