(\f.fyx)(\xy.x)
1: (beta) --> (\xy.x)yx
2: (beta) --> (\a.y)x
3: (beta) --> y    (normal form)
