(\x.xy)y : Untyped
1: (beta) --> yy    (normal form)
